// Jest Snapshot v1, https://goo.gl/fbAQLP

exports[`createDonutChart should build a donut chart 1`] = `
<div>
  <svg
    height="450"
    width="940"
  >
    <g
      transform="translate(470,225)"
    >
      <path
        d="M0.6750065306252215,-223.9989829579224A224,224,0,0,1,85.49378957267247,-207.04301955029445L57.33247050493544,-139.4222016961456A150.75,150.75,0,0,0,0.6750065306252204,-150.74848876915354Z"
      />
      <path
        d="M86.74004720310266,-206.52400395887042A224,224,0,0,1,160.33764521009672,-156.42199183133152L107.75154620644899,-105.42849135845343A150.75,150.75,0,0,0,58.578728135365644,-138.90318610472158Z"
      />
      <path
        d="M161.27745991632733,-155.45282539387125A224,224,0,0,1,209.37138388929233,-79.62175336101672L140.82645984790057,-53.79099094372267A150.75,150.75,0,0,0,108.69136091267963,-104.45932492099313Z"
      />
      <path
        d="M209.8474471163272,-78.35846437214207A224,224,0,0,1,223.6044239044728,13.306449952892429L150.4967319762081,8.734767568823877A150.75,150.75,0,0,0,141.3025230749354,-52.52770195484801Z"
      />
      <path
        d="M223.5201673953703,14.653831155900932A224,224,0,0,1,195.85117167940203,108.71209018230398L131.91307591763155,72.96919145741697A150.75,150.75,0,0,0,150.4124754671056,10.082148771832378Z"
      />
      <path
        d="M195.19242690696134,109.89047492012469A224,224,0,0,1,132.7823982049413,180.40187007607324L89.53904471012896,121.27787090973162A150.75,150.75,0,0,0,131.25433114519083,74.14757619523772Z"
      />
      <path
        d="M131.69273769149513,181.19884889071193A224,224,0,0,1,47.79169934485848,218.8423027518461L32.37900460856665,147.2316629008802A150.75,150.75,0,0,0,88.44938419668274,122.07484972437035Z"
      />
      <path
        d="M46.47190894352455,219.12636007369073A224,224,0,0,1,-39.77321930481573,220.44067461820885L-26.549765567684744,148.39364018818657A150.75,150.75,0,0,0,31.059214207232724,147.51572022272487Z"
      />
      <path
        d="M-41.10105249668793,220.19696520085037A224,224,0,0,1,-124.7028691852538,186.07846306589454L-83.74046166250832,125.35189500183064A150.75,150.75,0,0,0,-27.877598759556943,148.14993077082806Z"
      />
      <path
        d="M-125.82206518467102,185.32352228647176A224,224,0,0,1,-190.1142975546759,118.45908097436921L-127.82835539751558,79.90916127933298A150.75,150.75,0,0,0,-84.85965766192552,124.59695422240787Z"
      />
      <path
        d="M-190.82477597089434,117.31114557303573A224,224,0,0,1,-222.60963195680068,24.918903668856437L-149.78957846968623,16.98954625273179A150.75,150.75,0,0,0,-128.53883381373404,78.76122587799951Z"
      />
      <path
        d="M-222.7557707125544,23.576823667659134A224,224,0,0,1,-213.6976740426757,-67.15135224811438L-143.88264490057227,-44.98162954380178A150.75,150.75,0,0,0,-149.93571722543993,15.64746625153452Z"
      />
      <path
        d="M-213.2890841000878,-68.43804938589118A224,224,0,0,1,-175.60374487658174,-139.06590087192617L-118.31666439700608,-93.41696540760803A150.75,150.75,0,0,0,-143.47405495798438,-46.26832668157856Z"
      />
      <path
        d="M-174.76243097431373,-140.12170681214323A224,224,0,0,1,-128.5697802892526,-183.42794660676248L-86.70697546877771,-123.31854242187903A150.75,150.75,0,0,0,-117.47535049473811,-94.47277134782506Z"
      />
      <path
        d="M-127.46195867450083,-184.1994817877071A224,224,0,0,1,-87.06064473944139,-206.38906012081353L-58.794354206847515,-138.81205427987783A150.75,150.75,0,0,0,-85.5991538540258,-124.09007760282375Z"
      />
      <path
        d="M-85.81519456827462,-206.91001034558278A224,224,0,0,1,-53.88197995788272,-217.42293401529273L-36.47630601183471,-146.27043993825612A150.75,150.75,0,0,0,-57.54890403568059,-139.33300450464716Z"
      />
      <path
        d="M-52.57063322352494,-217.74372211955415A224,224,0,0,1,-27.752837936235437,-222.27411002292877L-18.896426036272782,-149.5609828232473A150.75,150.75,0,0,0,-35.16495927747677,-146.5912280425176Z"
      />
      <path
        d="M-26.41272859593591,-222.4373344744929A224,224,0,0,1,-0.6750065306257961,-223.9989829579224L-0.675006530625674,-150.74848876915354A150.75,150.75,0,0,0,-17.55631669597308,-149.72420727481142Z"
      />
    </g>
  </svg>
</div>
`;
