// Jest Snapshot v1, https://goo.gl/fbAQLP

exports[`createLineChart should build a line chart 1`] = `
<div>
  <svg
    height="450"
    width="940"
  >
    <path
      d="M40,420L260,286.6666666666667L480,153.33333333333337L700,153.33333333333337L920,20"
      fill="none"
      stroke="steelblue"
      stroke-linecap="round"
      stroke-linejoin="round"
      stroke-width="1.5"
    />
    <g
      fill="none"
      font-family="sans-serif"
      font-size="10"
      text-anchor="middle"
      transform="translate(0,420)"
    >
      <path
        class="domain"
        d="M40.5,0.5H920.5"
        stroke="currentColor"
      />
      <g
        class="tick"
        opacity="1"
        transform="translate(40.5,0)"
      >
        <line
          stroke="currentColor"
          y2="6"
        />
        <text
          dy="0.71em"
          fill="currentColor"
          y="9"
        >
          0.0
        </text>
      </g>
      <g
        class="tick"
        opacity="1"
        transform="translate(150.5,0)"
      >
        <line
          stroke="currentColor"
          y2="6"
        />
        <text
          dy="0.71em"
          fill="currentColor"
          y="9"
        >
          0.5
        </text>
      </g>
      <g
        class="tick"
        opacity="1"
        transform="translate(260.5,0)"
      >
        <line
          stroke="currentColor"
          y2="6"
        />
        <text
          dy="0.71em"
          fill="currentColor"
          y="9"
        >
          1.0
        </text>
      </g>
      <g
        class="tick"
        opacity="1"
        transform="translate(370.5,0)"
      >
        <line
          stroke="currentColor"
          y2="6"
        />
        <text
          dy="0.71em"
          fill="currentColor"
          y="9"
        >
          1.5
        </text>
      </g>
      <g
        class="tick"
        opacity="1"
        transform="translate(480.5,0)"
      >
        <line
          stroke="currentColor"
          y2="6"
        />
        <text
          dy="0.71em"
          fill="currentColor"
          y="9"
        >
          2.0
        </text>
      </g>
      <g
        class="tick"
        opacity="1"
        transform="translate(590.5,0)"
      >
        <line
          stroke="currentColor"
          y2="6"
        />
        <text
          dy="0.71em"
          fill="currentColor"
          y="9"
        >
          2.5
        </text>
      </g>
      <g
        class="tick"
        opacity="1"
        transform="translate(700.5,0)"
      >
        <line
          stroke="currentColor"
          y2="6"
        />
        <text
          dy="0.71em"
          fill="currentColor"
          y="9"
        >
          3.0
        </text>
      </g>
      <g
        class="tick"
        opacity="1"
        transform="translate(810.5,0)"
      >
        <line
          stroke="currentColor"
          y2="6"
        />
        <text
          dy="0.71em"
          fill="currentColor"
          y="9"
        >
          3.5
        </text>
      </g>
      <g
        class="tick"
        opacity="1"
        transform="translate(920.5,0)"
      >
        <line
          stroke="currentColor"
          y2="6"
        />
        <text
          dy="0.71em"
          fill="currentColor"
          y="9"
        >
          4.0
        </text>
      </g>
    </g>
    <g
      fill="none"
      font-family="sans-serif"
      font-size="10"
      text-anchor="end"
      transform="translate(40,0)"
    >
      <path
        class="domain"
        d="M-6,420.5H0.5V20.5H-6"
        stroke="currentColor"
      />
      <g
        class="tick"
        opacity="1"
        transform="translate(0,420.5)"
      >
        <line
          stroke="currentColor"
          x2="-6"
        />
        <text
          dy="0.32em"
          fill="currentColor"
          x="-9"
        >
          0.0
        </text>
      </g>
      <g
        class="tick"
        opacity="1"
        transform="translate(0,393.8333333333333)"
      >
        <line
          stroke="currentColor"
          x2="-6"
        />
        <text
          dy="0.32em"
          fill="currentColor"
          x="-9"
        >
          0.2
        </text>
      </g>
      <g
        class="tick"
        opacity="1"
        transform="translate(0,367.1666666666667)"
      >
        <line
          stroke="currentColor"
          x2="-6"
        />
        <text
          dy="0.32em"
          fill="currentColor"
          x="-9"
        >
          0.4
        </text>
      </g>
      <g
        class="tick"
        opacity="1"
        transform="translate(0,340.5)"
      >
        <line
          stroke="currentColor"
          x2="-6"
        />
        <text
          dy="0.32em"
          fill="currentColor"
          x="-9"
        >
          0.6
        </text>
      </g>
      <g
        class="tick"
        opacity="1"
        transform="translate(0,313.8333333333333)"
      >
        <line
          stroke="currentColor"
          x2="-6"
        />
        <text
          dy="0.32em"
          fill="currentColor"
          x="-9"
        >
          0.8
        </text>
      </g>
      <g
        class="tick"
        opacity="1"
        transform="translate(0,287.1666666666667)"
      >
        <line
          stroke="currentColor"
          x2="-6"
        />
        <text
          dy="0.32em"
          fill="currentColor"
          x="-9"
        >
          1.0
        </text>
      </g>
      <g
        class="tick"
        opacity="1"
        transform="translate(0,260.5)"
      >
        <line
          stroke="currentColor"
          x2="-6"
        />
        <text
          dy="0.32em"
          fill="currentColor"
          x="-9"
        >
          1.2
        </text>
      </g>
      <g
        class="tick"
        opacity="1"
        transform="translate(0,233.83333333333334)"
      >
        <line
          stroke="currentColor"
          x2="-6"
        />
        <text
          dy="0.32em"
          fill="currentColor"
          x="-9"
        >
          1.4
        </text>
      </g>
      <g
        class="tick"
        opacity="1"
        transform="translate(0,207.16666666666666)"
      >
        <line
          stroke="currentColor"
          x2="-6"
        />
        <text
          dy="0.32em"
          fill="currentColor"
          x="-9"
        >
          1.6
        </text>
      </g>
      <g
        class="tick"
        opacity="1"
        transform="translate(0,180.5)"
      >
        <line
          stroke="currentColor"
          x2="-6"
        />
        <text
          dy="0.32em"
          fill="currentColor"
          x="-9"
        >
          1.8
        </text>
      </g>
      <g
        class="tick"
        opacity="1"
        transform="translate(0,153.83333333333337)"
      >
        <line
          stroke="currentColor"
          x2="-6"
        />
        <text
          dy="0.32em"
          fill="currentColor"
          x="-9"
        >
          2.0
        </text>
      </g>
      <g
        class="tick"
        opacity="1"
        transform="translate(0,127.16666666666663)"
      >
        <line
          stroke="currentColor"
          x2="-6"
        />
        <text
          dy="0.32em"
          fill="currentColor"
          x="-9"
        >
          2.2
        </text>
      </g>
      <g
        class="tick"
        opacity="1"
        transform="translate(0,100.5)"
      >
        <line
          stroke="currentColor"
          x2="-6"
        />
        <text
          dy="0.32em"
          fill="currentColor"
          x="-9"
        >
          2.4
        </text>
      </g>
      <g
        class="tick"
        opacity="1"
        transform="translate(0,73.83333333333331)"
      >
        <line
          stroke="currentColor"
          x2="-6"
        />
        <text
          dy="0.32em"
          fill="currentColor"
          x="-9"
        >
          2.6
        </text>
      </g>
      <g
        class="tick"
        opacity="1"
        transform="translate(0,47.166666666666686)"
      >
        <line
          stroke="currentColor"
          x2="-6"
        />
        <text
          dy="0.32em"
          fill="currentColor"
          x="-9"
        >
          2.8
        </text>
      </g>
      <g
        class="tick"
        opacity="1"
        transform="translate(0,20.5)"
      >
        <line
          stroke="currentColor"
          x2="-6"
        />
        <text
          dy="0.32em"
          fill="currentColor"
          x="-9"
        >
          3.0
        </text>
      </g>
    </g>
  </svg>
</div>
`;
