// Jest Snapshot v1, https://goo.gl/fbAQLP

exports[`renders correctly 1`] = `
<div
  style={
    Object {
      "color": "blue",
      "display": "inline-block",
      "left": 5,
      "position": "absolute",
      "top": "-25px",
      "zIndex": 1,
    }
  }
>
  Hello world
</div>
`;
