// Jest Snapshot v1, https://goo.gl/fbAQLP

exports[`renders correctly 1`] = `
<div
  className="ProgressBarV2-outOfBar-2"
  style={
    Object {
      "height": "10px",
      "margin": "0px",
      "position": "relative",
      "width": "90%",
    }
  }
>
  <div>
    <div
      style={
        Object {
          "backgroundColor": "steelblue",
          "display": "inline-block",
          "height": "35px",
          "left": "80%",
          "marginBottom": "-25px",
          "marginTop": 0,
          "position": "absolute",
          "width": "2px",
          "zIndex": 1,
        }
      }
    />
    <div
      style={
        Object {
          "color": "steelblue",
          "display": "inline-block",
          "left": "calc(80.5% - 115px)",
          "position": "absolute",
          "top": "55px",
          "zIndex": 1,
        }
      }
    >
      Current: 80%
    </div>
  </div>
  <div>
    <div
      style={
        Object {
          "backgroundColor": "green",
          "display": "inline-block",
          "height": "35px",
          "left": "40%",
          "marginBottom": 0,
          "marginTop": "-25px",
          "position": "absolute",
          "width": "2px",
          "zIndex": 1,
        }
      }
    />
    <div
      style={
        Object {
          "color": "green",
          "display": "inline-block",
          "left": "40.5%",
          "position": "absolute",
          "top": "-25px",
          "zIndex": 1,
        }
      }
    >
      Goal: 40%
    </div>
  </div>
  <div>
    <div
      style={
        Object {
          "backgroundColor": "grey",
          "display": "inline-block",
          "height": "52px",
          "left": "23%",
          "marginBottom": "-25px",
          "marginTop": 0,
          "position": "absolute",
          "width": "2px",
          "zIndex": 1,
        }
      }
    />
    <div
      style={
        Object {
          "color": "grey",
          "display": "inline-block",
          "left": "23.5%",
          "position": "absolute",
          "top": "75px",
          "zIndex": 1,
        }
      }
    >
      Max Possible: 23%
    </div>
  </div>
  <div
    className="ProgressBarV2-gradedBar-1"
    style={
      Object {
        "display": "inline-block",
        "height": "10px",
        "position": "absolute",
        "width": "85%",
      }
    }
  />
</div>
`;
